// Jest Snapshot v1, https://goo.gl/fbAQLP

exports[`AddTask component renders the complete form 1`] = `
<section
  className="AddTask"
>
  <h2>
    Create a task
  </h2>
  <AchieverForm>
    <div
      className="field"
    >
      <label
        htmlFor="task-name-input"
      >
        Name
      </label>
      <input
        id="task-name-input"
        type="text"
      />
    </div>
    <div
      className="field"
    >
      <label
        htmlFor="task-content-input"
      >
        Content
      </label>
      <textarea
        id="task-content-input"
      />
    </div>
    <div
      className="field"
    >
      <label
        htmlFor="task-goal-select"
      >
        Goal
      </label>
      <select
        id="task-goal-select"
      >
        <option
          value={null}
        >
          ...
        </option>
      </select>
    </div>
    <div
      className="buttons"
    >
      <button
        type="submit"
      >
        Add task
      </button>
    </div>
  </AchieverForm>
</section>
`;

exports[`AddTask component renders the select options from goals 1`] = `
<select
  id="task-goal-select"
>
  <option
    value={null}
  >
    ...
  </option>
  <option
    key="b0715efe-ffaf-11e8-8eb2-f2801f1b9fd1"
    value="b0715efe-ffaf-11e8-8eb2-f2801f1b9fd1"
  >
    Important
  </option>
  <option
    key="b07161a6-ffaf-11e8-8eb2-f2801f1b9fd1"
    value="b07161a6-ffaf-11e8-8eb2-f2801f1b9fd1"
  >
    Super
  </option>
  <option
    key="b07162f0-ffaf-11e8-8eb2-f2801f1b9fd1"
    value="b07162f0-ffaf-11e8-8eb2-f2801f1b9fd1"
  >
    Spangley
  </option>
</select>
`;
