// Jest Snapshot v1, https://goo.gl/fbAQLP

exports[`TaskPageNav component renders a .TaskPageNav by default 1`] = `
<div
  className="TaskPageNav"
>
  <NavCircleButton
    className="TaskPageNav__back-button"
    onClick={[Function]}
    role="link"
    tag="button"
  >
    <FontAwesomeIcon
      border={false}
      className=""
      fixedWidth={false}
      flip={null}
      icon="chevron-left"
      inverse={false}
      listItem={false}
      mask={null}
      pull={null}
      pulse={false}
      rotation={null}
      size={null}
      spin={false}
      symbol={false}
      title=""
      transform={null}
    />
    <br />
    Back
  </NavCircleButton>
</div>
`;

exports[`TaskPageNav component renders a h3 with goal name when in props 1`] = `
<h3
  className="TaskPageNav__goal-name"
>
  Important
</h3>
`;
