// Jest Snapshot v1, https://goo.gl/fbAQLP

exports[`TaskPageMain component renders a .TaskPageMain by default 1`] = `
<section
  className="TaskPageMain"
>
  <Task />
  <div
    className="TaskPageMain__content"
  >
    <p
      key="0"
    />
  </div>
</section>
`;

exports[`TaskPageMain component renders a Task with task prop 1`] = `
<Task
  id="cbc787a0-ffaf-11e8-8eb2-f2801f1b9fd1"
  modified="2019-01-03T00:00:00.000Z"
  name="Dogs"
/>
`;

exports[`TaskPageMain component splits the content by \\n or \\n\\r, with a p foreach 1`] = `null`;

exports[`TaskPageMain component splits the content by \\n or \\n\\r, with a p foreach 2`] = `null`;
